source: |-
  (print_string 'Hello World!')

input: |-
  foo

code: |-
  0 - D000000F - jmp 15
  
  DATA MEMORY
  1 - 00000000 - 0
  2 - 00000048 - 72 - H
  3 - 00000065 - 101 - e
  4 - 0000006C - 108 - l
  5 - 0000006C - 108 - l
  6 - 0000006F - 111 - o
  7 - 00000020 - 32
  8 - 00000057 - 87 - W
  9 - 0000006F - 111 - o
  10 - 00000072 - 114 - r
  11 - 0000006C - 108 - l
  12 - 00000064 - 100 - d
  13 - 00000021 - 33 - !
  14 - 00000000 - 0
  
  CODE MEMORY
  15 - 42000002 - load #2
  16 - 50000001 - save 1
  17 - 41000001 - load $1
  18 - E0000018 - jz 24
  19 - 70000000 - print
  20 - 40000001 - load 1
  21 - 02000001 - add #1
  22 - 50000001 - save 1
  23 - D0000011 - jmp 17
  24 - F0000000 - halt

output: |
  source LoC: 1 machine code instr: 25
  ============================================================
  Hello World!
  instr_counter: 89, ticks: 191

log: |
  DEBUG   machine:simulation    TICK:    0, IP:    0, AR:    0, SP: 2048, ALU:    0, ACC:    0 	jmp 15
  DEBUG   machine:simulation    TICK:    1, IP:   15, AR:    0, SP: 2048, ALU:    0, ACC:    0 	load #2
  DEBUG   machine:simulation    TICK:    3, IP:   16, AR:    0, SP: 2048, ALU:    2, ACC:    2 	save 1
  DEBUG   machine:simulation    TICK:    5, IP:   17, AR:    1, SP: 2048, ALU:    2, ACC:    2 	load $1
  DEBUG   machine:simulation    TICK:   10, IP:   18, AR:    2, SP: 2048, ALU:   72, ACC:   72 	jz 24
  DEBUG   machine:simulation    TICK:   11, IP:   19, AR:    2, SP: 2048, ALU:   72, ACC:   72 	print
  DEBUG   data_path:signal_output output: '' << 'H'
  DEBUG   machine:simulation    TICK:   12, IP:   20, AR:    2, SP: 2048, ALU:   72, ACC:   72 	load 1
  DEBUG   machine:simulation    TICK:   15, IP:   21, AR:    1, SP: 2048, ALU:    2, ACC:    2 	add #1
  DEBUG   machine:simulation    TICK:   17, IP:   22, AR:    1, SP: 2048, ALU:    3, ACC:    3 	save 1
  DEBUG   machine:simulation    TICK:   19, IP:   23, AR:    1, SP: 2048, ALU:    3, ACC:    3 	jmp 17
  DEBUG   machine:simulation    TICK:   20, IP:   17, AR:    1, SP: 2048, ALU:    3, ACC:    3 	load $1
  DEBUG   machine:simulation    TICK:   25, IP:   18, AR:    3, SP: 2048, ALU:  101, ACC:  101 	jz 24
  DEBUG   machine:simulation    TICK:   26, IP:   19, AR:    3, SP: 2048, ALU:  101, ACC:  101 	print
  DEBUG   data_path:signal_output output: 'H' << 'e'
  DEBUG   machine:simulation    TICK:   27, IP:   20, AR:    3, SP: 2048, ALU:  101, ACC:  101 	load 1
  DEBUG   machine:simulation    TICK:   30, IP:   21, AR:    1, SP: 2048, ALU:    3, ACC:    3 	add #1
  DEBUG   machine:simulation    TICK:   32, IP:   22, AR:    1, SP: 2048, ALU:    4, ACC:    4 	save 1
  DEBUG   machine:simulation    TICK:   34, IP:   23, AR:    1, SP: 2048, ALU:    4, ACC:    4 	jmp 17
  DEBUG   machine:simulation    TICK:   35, IP:   17, AR:    1, SP: 2048, ALU:    4, ACC:    4 	load $1
  DEBUG   machine:simulation    TICK:   40, IP:   18, AR:    4, SP: 2048, ALU:  108, ACC:  108 	jz 24
  DEBUG   machine:simulation    TICK:   41, IP:   19, AR:    4, SP: 2048, ALU:  108, ACC:  108 	print
  DEBUG   data_path:signal_output output: 'He' << 'l'
  DEBUG   machine:simulation    TICK:   42, IP:   20, AR:    4, SP: 2048, ALU:  108, ACC:  108 	load 1
  DEBUG   machine:simulation    TICK:   45, IP:   21, AR:    1, SP: 2048, ALU:    4, ACC:    4 	add #1
  DEBUG   machine:simulation    TICK:   47, IP:   22, AR:    1, SP: 2048, ALU:    5, ACC:    5 	save 1
  DEBUG   machine:simulation    TICK:   49, IP:   23, AR:    1, SP: 2048, ALU:    5, ACC:    5 	jmp 17
  DEBUG   machine:simulation    TICK:   50, IP:   17, AR:    1, SP: 2048, ALU:    5, ACC:    5 	load $1
  DEBUG   machine:simulation    TICK:   55, IP:   18, AR:    5, SP: 2048, ALU:  108, ACC:  108 	jz 24
  DEBUG   machine:simulation    TICK:   56, IP:   19, AR:    5, SP: 2048, ALU:  108, ACC:  108 	print
  DEBUG   data_path:signal_output output: 'Hel' << 'l'
  DEBUG   machine:simulation    TICK:   57, IP:   20, AR:    5, SP: 2048, ALU:  108, ACC:  108 	load 1
  DEBUG   machine:simulation    TICK:   60, IP:   21, AR:    1, SP: 2048, ALU:    5, ACC:    5 	add #1
  DEBUG   machine:simulation    TICK:   62, IP:   22, AR:    1, SP: 2048, ALU:    6, ACC:    6 	save 1
  DEBUG   machine:simulation    TICK:   64, IP:   23, AR:    1, SP: 2048, ALU:    6, ACC:    6 	jmp 17
  DEBUG   machine:simulation    TICK:   65, IP:   17, AR:    1, SP: 2048, ALU:    6, ACC:    6 	load $1
  DEBUG   machine:simulation    TICK:   70, IP:   18, AR:    6, SP: 2048, ALU:  111, ACC:  111 	jz 24
  DEBUG   machine:simulation    TICK:   71, IP:   19, AR:    6, SP: 2048, ALU:  111, ACC:  111 	print
  DEBUG   data_path:signal_output output: 'Hell' << 'o'
  DEBUG   machine:simulation    TICK:   72, IP:   20, AR:    6, SP: 2048, ALU:  111, ACC:  111 	load 1
  DEBUG   machine:simulation    TICK:   75, IP:   21, AR:    1, SP: 2048, ALU:    6, ACC:    6 	add #1
  DEBUG   machine:simulation    TICK:   77, IP:   22, AR:    1, SP: 2048, ALU:    7, ACC:    7 	save 1
  DEBUG   machine:simulation    TICK:   79, IP:   23, AR:    1, SP: 2048, ALU:    7, ACC:    7 	jmp 17
  DEBUG   machine:simulation    TICK:   80, IP:   17, AR:    1, SP: 2048, ALU:    7, ACC:    7 	load $1
  DEBUG   machine:simulation    TICK:   85, IP:   18, AR:    7, SP: 2048, ALU:   32, ACC:   32 	jz 24
  DEBUG   machine:simulation    TICK:   86, IP:   19, AR:    7, SP: 2048, ALU:   32, ACC:   32 	print
  DEBUG   data_path:signal_output output: 'Hello' << ' '
  DEBUG   machine:simulation    TICK:   87, IP:   20, AR:    7, SP: 2048, ALU:   32, ACC:   32 	load 1
  DEBUG   machine:simulation    TICK:   90, IP:   21, AR:    1, SP: 2048, ALU:    7, ACC:    7 	add #1
  DEBUG   machine:simulation    TICK:   92, IP:   22, AR:    1, SP: 2048, ALU:    8, ACC:    8 	save 1
  DEBUG   machine:simulation    TICK:   94, IP:   23, AR:    1, SP: 2048, ALU:    8, ACC:    8 	jmp 17
  DEBUG   machine:simulation    TICK:   95, IP:   17, AR:    1, SP: 2048, ALU:    8, ACC:    8 	load $1
  DEBUG   machine:simulation    TICK:  100, IP:   18, AR:    8, SP: 2048, ALU:   87, ACC:   87 	jz 24
  DEBUG   machine:simulation    TICK:  101, IP:   19, AR:    8, SP: 2048, ALU:   87, ACC:   87 	print
  DEBUG   data_path:signal_output output: 'Hello ' << 'W'
  DEBUG   machine:simulation    TICK:  102, IP:   20, AR:    8, SP: 2048, ALU:   87, ACC:   87 	load 1
  DEBUG   machine:simulation    TICK:  105, IP:   21, AR:    1, SP: 2048, ALU:    8, ACC:    8 	add #1
  DEBUG   machine:simulation    TICK:  107, IP:   22, AR:    1, SP: 2048, ALU:    9, ACC:    9 	save 1
  DEBUG   machine:simulation    TICK:  109, IP:   23, AR:    1, SP: 2048, ALU:    9, ACC:    9 	jmp 17
  DEBUG   machine:simulation    TICK:  110, IP:   17, AR:    1, SP: 2048, ALU:    9, ACC:    9 	load $1
  DEBUG   machine:simulation    TICK:  115, IP:   18, AR:    9, SP: 2048, ALU:  111, ACC:  111 	jz 24
  DEBUG   machine:simulation    TICK:  116, IP:   19, AR:    9, SP: 2048, ALU:  111, ACC:  111 	print
  DEBUG   data_path:signal_output output: 'Hello W' << 'o'
  DEBUG   machine:simulation    TICK:  117, IP:   20, AR:    9, SP: 2048, ALU:  111, ACC:  111 	load 1
  DEBUG   machine:simulation    TICK:  120, IP:   21, AR:    1, SP: 2048, ALU:    9, ACC:    9 	add #1
  DEBUG   machine:simulation    TICK:  122, IP:   22, AR:    1, SP: 2048, ALU:   10, ACC:   10 	save 1
  DEBUG   machine:simulation    TICK:  124, IP:   23, AR:    1, SP: 2048, ALU:   10, ACC:   10 	jmp 17
  DEBUG   machine:simulation    TICK:  125, IP:   17, AR:    1, SP: 2048, ALU:   10, ACC:   10 	load $1
  DEBUG   machine:simulation    TICK:  130, IP:   18, AR:   10, SP: 2048, ALU:  114, ACC:  114 	jz 24
  DEBUG   machine:simulation    TICK:  131, IP:   19, AR:   10, SP: 2048, ALU:  114, ACC:  114 	print
  DEBUG   data_path:signal_output output: 'Hello Wo' << 'r'
  DEBUG   machine:simulation    TICK:  132, IP:   20, AR:   10, SP: 2048, ALU:  114, ACC:  114 	load 1
  DEBUG   machine:simulation    TICK:  135, IP:   21, AR:    1, SP: 2048, ALU:   10, ACC:   10 	add #1
  DEBUG   machine:simulation    TICK:  137, IP:   22, AR:    1, SP: 2048, ALU:   11, ACC:   11 	save 1
  DEBUG   machine:simulation    TICK:  139, IP:   23, AR:    1, SP: 2048, ALU:   11, ACC:   11 	jmp 17
  DEBUG   machine:simulation    TICK:  140, IP:   17, AR:    1, SP: 2048, ALU:   11, ACC:   11 	load $1
  DEBUG   machine:simulation    TICK:  145, IP:   18, AR:   11, SP: 2048, ALU:  108, ACC:  108 	jz 24
  DEBUG   machine:simulation    TICK:  146, IP:   19, AR:   11, SP: 2048, ALU:  108, ACC:  108 	print
  DEBUG   data_path:signal_output output: 'Hello Wor' << 'l'
  DEBUG   machine:simulation    TICK:  147, IP:   20, AR:   11, SP: 2048, ALU:  108, ACC:  108 	load 1
  DEBUG   machine:simulation    TICK:  150, IP:   21, AR:    1, SP: 2048, ALU:   11, ACC:   11 	add #1
  DEBUG   machine:simulation    TICK:  152, IP:   22, AR:    1, SP: 2048, ALU:   12, ACC:   12 	save 1
  DEBUG   machine:simulation    TICK:  154, IP:   23, AR:    1, SP: 2048, ALU:   12, ACC:   12 	jmp 17
  DEBUG   machine:simulation    TICK:  155, IP:   17, AR:    1, SP: 2048, ALU:   12, ACC:   12 	load $1
  DEBUG   machine:simulation    TICK:  160, IP:   18, AR:   12, SP: 2048, ALU:  100, ACC:  100 	jz 24
  DEBUG   machine:simulation    TICK:  161, IP:   19, AR:   12, SP: 2048, ALU:  100, ACC:  100 	print
  DEBUG   data_path:signal_output output: 'Hello Worl' << 'd'
  DEBUG   machine:simulation    TICK:  162, IP:   20, AR:   12, SP: 2048, ALU:  100, ACC:  100 	load 1
  DEBUG   machine:simulation    TICK:  165, IP:   21, AR:    1, SP: 2048, ALU:   12, ACC:   12 	add #1
  DEBUG   machine:simulation    TICK:  167, IP:   22, AR:    1, SP: 2048, ALU:   13, ACC:   13 	save 1
  DEBUG   machine:simulation    TICK:  169, IP:   23, AR:    1, SP: 2048, ALU:   13, ACC:   13 	jmp 17
  DEBUG   machine:simulation    TICK:  170, IP:   17, AR:    1, SP: 2048, ALU:   13, ACC:   13 	load $1
  DEBUG   machine:simulation    TICK:  175, IP:   18, AR:   13, SP: 2048, ALU:   33, ACC:   33 	jz 24
  DEBUG   machine:simulation    TICK:  176, IP:   19, AR:   13, SP: 2048, ALU:   33, ACC:   33 	print
  DEBUG   data_path:signal_output output: 'Hello World' << '!'
  DEBUG   machine:simulation    TICK:  177, IP:   20, AR:   13, SP: 2048, ALU:   33, ACC:   33 	load 1
  DEBUG   machine:simulation    TICK:  180, IP:   21, AR:    1, SP: 2048, ALU:   13, ACC:   13 	add #1
  DEBUG   machine:simulation    TICK:  182, IP:   22, AR:    1, SP: 2048, ALU:   14, ACC:   14 	save 1
  DEBUG   machine:simulation    TICK:  184, IP:   23, AR:    1, SP: 2048, ALU:   14, ACC:   14 	jmp 17
  DEBUG   machine:simulation    TICK:  185, IP:   17, AR:    1, SP: 2048, ALU:   14, ACC:   14 	load $1
  DEBUG   machine:simulation    TICK:  190, IP:   18, AR:   14, SP: 2048, ALU:    0, ACC:    0 	jz 24
  DEBUG   machine:simulation    TICK:  191, IP:   24, AR:   14, SP: 2048, ALU:    0, ACC:    0 	halt
